Solutions/Sol_TaoFivePrimes_eta1_complementary_correlation.lean:486:4: warning: Used `tac1 <;> tac2` where `(tac1; tac2)` would suffice

Note: This linter can be disabled with `set_option linter.unnecessarySeqFocus false`
Solutions/Sol_TaoFivePrimes_eta1_complementary_correlation.lean:645:4: warning: Used `tac1 <;> tac2` where `(tac1; tac2)` would suffice

Note: This linter can be disabled with `set_option linter.unnecessarySeqFocus false`
Solutions/Sol_TaoFivePrimes_eta1_complementary_correlation.lean:969:5: warning: Variable name `hr_lower` is not explicitly referenced.

Hint: The binding can be removed (if unused) or named `_` (if used implicitly). Alternatively, prefix the name with `_` to silence this warning:
  [apply] _hr_lower

Note: This linter can be disabled with `set_option linter.unusedVariables false`
Solutions/Sol_TaoFivePrimes_eta1_complementary_correlation.lean:972:5: warning: Variable name `hneat` is not explicitly referenced.

Hint: The binding can be removed (if unused) or named `_` (if used implicitly). Alternatively, prefix the name with `_` to silence this warning:
  [apply] _hneat

Note: This linter can be disabled with `set_option linter.unusedVariables false`
Solutions/Sol_TaoFivePrimes_eta1_complementary_correlation.lean:973:5: warning: Variable name `halamo` is not explicitly referenced.

Hint: The binding can be removed (if unused) or named `_` (if used implicitly). Alternatively, prefix the name with `_` to silence this warning:
  [apply] _halamo

Note: This linter can be disabled with `set_option linter.unusedVariables false`
Solutions/Sol_TaoFivePrimes_eta1_complementary_correlation.lean:974:5: warning: Variable name `h10q` is not explicitly referenced.

Hint: The binding can be removed (if unused) or named `_` (if used implicitly). Alternatively, prefix the name with `_` to silence this warning:
  [apply] _h10q

Note: This linter can be disabled with `set_option linter.unusedVariables false`
Solutions/Sol_TaoFivePrimes_eta1_complementary_correlation.lean:975:5: warning: Variable name `hr0b` is not explicitly referenced.

Hint: The binding can be removed (if unused) or named `_` (if used implicitly). Alternatively, prefix the name with `_` to silence this warning:
  [apply] _hr0b

Note: This linter can be disabled with `set_option linter.unusedVariables false`
Solutions/Sol_TaoFivePrimes_eta1_complementary_correlation.lean:977:5: warning: Variable name `hmass` is not explicitly referenced.

Hint: The binding can be removed (if unused) or named `_` (if used implicitly). Alternatively, prefix the name with `_` to silence this warning:
  [apply] _hmass

Note: This linter can be disabled with `set_option linter.unusedVariables false`
