examples/GroupingFinish.lean:20:39: error: maximum recursion depth has been reached
use `set_option maxRecDepth <num>` to increase limit
use `set_option diagnostics true` to get diagnostic information
examples/GroupingFinish.lean:23:39: error: maximum recursion depth has been reached
use `set_option maxRecDepth <num>` to increase limit
use `set_option diagnostics true` to get diagnostic information
examples/GroupingFinish.lean:6:0: error: linter Lean.Linter.constructorNameAsVariable failed: maximum recursion depth has been reached
use `set_option maxRecDepth <num>` to increase limit
use `set_option diagnostics true` to get diagnostic information
examples/GroupingFinish.lean:76:61: error: maximum recursion depth has been reached
use `set_option maxRecDepth <num>` to increase limit
use `set_option diagnostics true` to get diagnostic information
examples/GroupingFinish.lean:77:31: error: maximum recursion depth has been reached
use `set_option maxRecDepth <num>` to increase limit
use `set_option diagnostics true` to get diagnostic information
examples/GroupingFinish.lean:90:4: error: Type mismatch: After simplification, term
  one_level_push P habc hab hac hbc hsep fun φ₁ => C (twoLevel (copyStates S₀, φ₁)) * ∏ i, mu i (S₀ i)
 has type
  @Eq ℚ
    (∑ x ∈ Fintype.piFinset fun i => (image (Sym2.map (emb i)) (gadgetE 1204)).powerset,
      (C (twoLevel (copyStates S₀, fun i => stateOf (x i) (emb i 0) (emb i 1) (emb i 1204))) *
          ∏ x, weight (image (Sym2.map (emb x)) (gadgetE 1204)) (fun x => 1 / 2) (S₀ x)) *
        ∏ i, weight (image (Sym2.map (emb i)) (gadgetE 1204)) (fun x => 1 / 2) (x i))
    (∑ x,
      (C (twoLevel (copyStates S₀, x)) *
          ∏ x, weight (image (Sym2.map (emb x)) (gadgetE 1204)) (fun x => 1 / 2) (S₀ x)) *
        ∏ i, P (x i))
but is expected to have type
  @Eq ℚ
    (∑ x ∈ Fintype.piFinset fun i => (image (Sym2.map (emb i)) (gadgetE 1204)).powerset,
      (C (twoLevel (copyStates S₀, copyStates x)) *
          ∏ x, weight (image (Sym2.map (emb x)) (gadgetE 1204)) (fun x => 1 / 2) (S₀ x)) *
        ∏ x_1, weight (image (Sym2.map (emb x_1)) (gadgetE 1204)) (fun x => 1 / 2) (x x_1))
    (∑ x,
      (C (twoLevel (copyStates S₀, x)) *
          ∏ x, weight (image (Sym2.map (emb x)) (gadgetE 1204)) (fun x => 1 / 2) (S₀ x)) *
        ∏ i, P (x i))
examples/GroupingFinish.lean:107:8: error: maximum recursion depth has been reached
use `set_option maxRecDepth <num>` to increase limit
use `set_option diagnostics true` to get diagnostic information
examples/GroupingFinish.lean:119:6: error: Tactic `rewrite` failed: Did not find an occurrence of the pattern
  ∑ x, ∑ y, ?f (x, y)
in the target expression
  ∑ φ₀,
      ∑ φ₁,
        ((if (wzGraph hollomTriple hollomT (twoLevel (φ₀, φ₁))).Reachable (x, 0) (y, l) then 1 else 0) *
            ∏ i, P (φ₀ i)) *
          ∏ i, P (φ₁ i) =
    ∑ ψ, (if (wzGraph hollomTriple hollomT ψ).Reachable (x, 0) (y, l) then 1 else 0) * ∏ p, P (ψ p)

hdisj :
  ∀ (i j : Fin 6), i ≠ j → Disjoint (image (Sym2.map (emb i)) (gadgetE 1204)) (image (Sym2.map (emb j)) (gadgetE 1204))
P : WZ → ℚ
habc : P WZ.abc = Pabc (gadgetE 1204) (gadgetW 1204 (1 / 2)) 0 1 (Fin.last 1204)
hab : P WZ.ab_c = Pab_c (gadgetE 1204) (gadgetW 1204 (1 / 2)) 0 1 (Fin.last 1204)
hac : P WZ.ac_b = Pac_b (gadgetE 1204) (gadgetW 1204 (1 / 2)) 0 1 (Fin.last 1204)
hbc : P WZ.a_bc = Pa_bc (gadgetE 1204) (gadgetW 1204 (1 / 2)) 0 1 (Fin.last 1204)
hsep : P WZ.a_b_c = Pa_b_c (gadgetE 1204) (gadgetW 1204 (1 / 2)) 0 1 (Fin.last 1204)
x y : Fin 10
l : Fin 2
E : Fin 6 → Finset (Sym2 (Fin 7222)) := fun i => image (Sym2.map (emb i)) (gadgetE 1204)
D : Finset (Fin 6 → Finset (Sym2 (Fin 7222))) := Fintype.piFinset fun i => (E i).powerset
mu : Fin 6 → Finset (Sym2 (Fin 7222)) → ℚ := fun i S => weight (E i) (fun x => 1 / 2) S
C : (Fin 6 × Fin 2 → WZ) → ℚ := fun ψ => if (wzGraph hollomTriple hollomT ψ).Reachable (x, 0) (y, l) then 1 else 0
hfactor :
  bbProb subEdges (fun x => 1 / 2) subT (iota x, 0) (iota y, l) =
    ∑ S₀ ∈ D,
      ∑ S₁ ∈ D,
        ((if (bbGraph subT (univ.biUnion S₀) (univ.biUnion S₁)).Reachable (iota x, 0) (iota y, l) then 1 else 0) *
            ∏ i, mu i (S₀ i)) *
          ∏ i, mu i (S₁ i)
hreduce :
  ∑ S₀ ∈ D,
      ∑ S₁ ∈ D,
        ((if (bbGraph subT (univ.biUnion S₀) (univ.biUnion S₁)).Reachable (iota x, 0) (iota y, l) then 1 else 0) *
            ∏ i, mu i (S₀ i)) *
          ∏ i, mu i (S₁ i) =
    ∑ S₀ ∈ D, ∑ S₁ ∈ D, (C (twoLevel (copyStates S₀, copyStates S₁)) * ∏ i, mu i (S₀ i)) * ∏ i, mu i (S₁ i)
hpush₁ :
  ∑ S₀ ∈ D, ∑ S₁ ∈ D, (C (twoLevel (copyStates S₀, copyStates S₁)) * ∏ i, mu i (S₀ i)) * ∏ i, mu i (S₁ i) =
    ∑ S₀ ∈ D, ∑ φ₁, (C (twoLevel (copyStates S₀, φ₁)) * ∏ i, mu i (S₀ i)) * ∏ i, P (φ₁ i)
hpush₀ :
  ∑ S₀ ∈ D, ∑ φ₁, (C (twoLevel (copyStates S₀, φ₁)) * ∏ i, mu i (S₀ i)) * ∏ i, P (φ₁ i) =
    ∑ φ₀, ∑ φ₁, (C (twoLevel (φ₀, φ₁)) * ∏ i, P (φ₀ i)) * ∏ i, P (φ₁ i)
⊢ ∑ φ₀,
      ∑ φ₁,
        ((if (wzGraph hollomTriple hollomT (twoLevel (φ₀, φ₁))).Reachable (x, 0) (y, l) then 1 else 0) *
            ∏ i, P (φ₀ i)) *
          ∏ i, P (φ₁ i) =
    ∑ ψ, (if (wzGraph hollomTriple hollomT ψ).Reachable (x, 0) (y, l) then 1 else 0) * ∏ p, P (ψ p)
examples/GroupingFinish.lean:31:0: error: linter Lean.Linter.constructorNameAsVariable failed: maximum recursion depth has been reached
use `set_option maxRecDepth <num>` to increase limit
use `set_option diagnostics true` to get diagnostic information
